// Jest Snapshot v1, https://jestjs.io/docs/snapshot-testing

exports[`components and useEffect 1`] = `
"function anonymous(app, bdom, helpers
) {
  let { text, createBlock, list, multi, html, toggler, comment } = bdom;
  let { safeOutput } = helpers;
  
  return function template(ctx, node, key = "") {
    return safeOutput(ctx['this'].current());
  }
}"
`;
