// Jest Snapshot v1, https://goo.gl/fbAQLP

exports[`Link component can render simple cases 1`] = `
"function anonymous(context, extra
) {
    // Template name: \\"__template__1\\"
    let utils = this.constructor.utils;
    let scope = Object.create(context);
    var h = this.h;
    let _5 = utils.toObj({'router-link-active':scope['isActive']});
    var _6 = scope['href'];
    let c7 = [], p7 = {key:7,attrs:{href: _6},class:_5,on:{}};
    var vn7 = h('a', p7, c7);
    extra.handlers['click' + 7] = extra.handlers['click' + 7] || function (e) {if (!context.__owl__.isMounted){return}const fn = context['navigate'];if (fn) { fn.call(context, e); } else { scope['navigate']; }};
    p7.on['click'] = extra.handlers['click' + 7];
    const slot8 = this.constructor.slots[context.__owl__.slotId + '_' + 'default'];
    if (slot8) {
        slot8.call(this, context.__owl__.scope, Object.assign({}, extra, {parentNode: c7, parent: extra.parent || context}));
    }
    return vn7;
}"
`;
