// Jest Snapshot v1, https://goo.gl/fbAQLP

exports[`app destroy remove the widget from the DOM 1`] = `
"function anonymous(Blocks, utils
) {
  let {BCollection, BComponent, BComponentH, BHtml, BMulti, BNode, BStatic, BText, BDispatch} = Blocks;
  let {elem, toString, withDefault, call, zero, callSlot, capture} = utils;
  
  class Block1 extends BStatic {
    static el = elem(\`<div/>\`);
  }
  
  return function template(ctx, parent = ctx) {
    const b1 = new Block1();
    return b1;
  }
}"
`;
